../Firmware_CNC/grbl/ioports.c:112:16:map_reverse	0	static
../Firmware_CNC/grbl/ioports.c:200:13:match_port	0	static
../Firmware_CNC/grbl/ioports.c:459:14:_get_value	0	static
../Firmware_CNC/grbl/ioports.c:666:16:io_get_pin_info	40	static
../Firmware_CNC/grbl/ioports.c:687:13:io_set_pin_description	16	static
../Firmware_CNC/grbl/ioports.c:702:13:io_claim	56	static
../Firmware_CNC/grbl/ioports.c:742:13:io_analog_out	4	static
../Firmware_CNC/grbl/ioports.c:757:13:io_digital_out	8	static
../Firmware_CNC/grbl/ioports.c:772:16:io_wait_on_input	12	static
../Firmware_CNC/grbl/ioports.c:791:13:io_register_interrupt_handler	16	static
../Firmware_CNC/grbl/ioports.c:1012:13:set_description	4	static
../Firmware_CNC/grbl/ioports.c:1238:22:aux_set_value	56	static
../Firmware_CNC/grbl/ioports.c:1407:13:config_probe_pins	0	static
../Firmware_CNC/grbl/ioports.c:211:13:match_description	16	static
../Firmware_CNC/grbl/ioports.c:1564:13:onSettingsChanged	48	static
../Firmware_CNC/grbl/ioports.c:464:22:_set_value	40	static
../Firmware_CNC/grbl/ioports.c:830:13:claim_hal	48	static
../Firmware_CNC/grbl/ioports.c:809:25:insert_ports	8	static
../Firmware_CNC/grbl/ioports.c:1215:13:is_setting_available	0	static
../Firmware_CNC/grbl/ioports.c:1358:17:aux_get_value	0	static
../Firmware_CNC/grbl/ioports.c:871:16:add_ports.isra	16	static
../Firmware_CNC/grbl/ioports.c:898:13:_ioports_add	56	static
../Firmware_CNC/grbl/ioports.c:159:9:ioports_available	48	static
../Firmware_CNC/grbl/ioports.c:174:9:ioports_unclaimed	32	static
../Firmware_CNC/grbl/ioports.c:275:9:ioport_get_info	0	static
../Firmware_CNC/grbl/ioports.c:311:9:ioport_claim	56	static
../Firmware_CNC/grbl/ioports.c:501:16:_claim	32	static
../Firmware_CNC/grbl/ioports.c:343:6:ioport_claimable	16	static
../Firmware_CNC/grbl/ioports.c:351:6:ioport_assign_function	16	static
../Firmware_CNC/grbl/ioports.c:368:6:ioport_assign_out_function	16	static
../Firmware_CNC/grbl/ioports.c:387:6:ioport_set_function	32	static
../Firmware_CNC/grbl/ioports.c:435:17:ioports_can_do	8	static
../Firmware_CNC/grbl/ioports.c:450:6:ioport_can_claim_explicit	8	static
../Firmware_CNC/grbl/ioports.c:552:6:ioports_enumerate	40	static
../Firmware_CNC/grbl/ioports.c:230:9:ioport_find_free	48	static
../Firmware_CNC/grbl/ioports.c:486:9:_get_next	24	static
../Firmware_CNC/grbl/ioports.c:519:16:ioports_cfg	40	static
../Firmware_CNC/grbl/ioports.c:591:6:ioport_set_description	16	static
../Firmware_CNC/grbl/ioports.c:599:6:ioport_analog_out	8	static
../Firmware_CNC/grbl/ioports.c:604:6:ioport_digital_out	8	static
../Firmware_CNC/grbl/ioports.c:612:9:ioport_wait_on_input	0	static
../Firmware_CNC/grbl/ioports.c:617:6:ioport_analog_out_config	8	static
../Firmware_CNC/grbl/ioports.c:625:6:ioport_digital_in_config	8	static
../Firmware_CNC/grbl/ioports.c:633:6:ioport_enable_irq	8	static
../Firmware_CNC/grbl/ioports.c:638:6:ioport_digital_out_config	8	static
../Firmware_CNC/grbl/ioports.c:646:6:ioport_digital_pwm_config	16	static
../Firmware_CNC/grbl/ioports.c:985:6:ioport_remap	48	static
../Firmware_CNC/grbl/ioports.c:1005:6:ioports_add	24	static
../Firmware_CNC/grbl/ioports.c:1017:6:ioports_add_analog	32	static
../Firmware_CNC/grbl/ioports.c:1095:6:ioports_precompute_pwm_values	8	static
../Firmware_CNC/grbl/ioports.c:1124:15:ioports_compute_pwm_value	8	static
../Firmware_CNC/grbl/ioports.c:1144:6:ioport_save_input_settings	24	static
../Firmware_CNC/grbl/ioports.c:1186:6:ioport_save_output_settings	12	static
../Firmware_CNC/grbl/ioports.c:1439:6:ioport_setting_changed	32	static
../Firmware_CNC/grbl/ioports.c:1573:6:ioports_add_settings	0	static
../Firmware_CNC/grbl/ioports.c:1046:6:ioports_add_digital	32	static
