../Firmware_CNC/grbl/modbus_rtu.c:145:13:tx_message	16	static
../Firmware_CNC/grbl/modbus_rtu.c:355:13:modbus_reset	16	static
../Firmware_CNC/grbl/modbus_rtu.c:383:17:get_baudrate	0	static
../Firmware_CNC/grbl/modbus_rtu.c:399:22:modbus_set_baud	8	static
../Firmware_CNC/grbl/modbus_rtu.c:409:17:modbus_get_baud	0	static
../Firmware_CNC/grbl/modbus_rtu.c:425:17:modbus_get_format	0	static
../Firmware_CNC/grbl/modbus_rtu.c:430:13:can_set_format	0	static
../Firmware_CNC/grbl/modbus_rtu.c:441:13:modbus_settings_save	4	static
../Firmware_CNC/grbl/modbus_rtu.c:446:13:modbus_settings_restore	4	static
../Firmware_CNC/grbl/modbus_rtu.c:454:13:modbus_settings_load	16	static
../Firmware_CNC/grbl/modbus_rtu.c:477:13:modbus_rtu_isup	0	static
../Firmware_CNC/grbl/modbus_rtu.c:482:13:modbus_is_busy	0	static
../Firmware_CNC/grbl/modbus_rtu.c:487:13:modbus_rtu_flush_queue	0	static
../Firmware_CNC/grbl/modbus_rtu.c:522:13:claim_stream	16	static
../Firmware_CNC/grbl/modbus_rtu.c:517:13:modbus_set_direction	0	static
../Firmware_CNC/grbl/modbus_rtu.c:494:13:modbus_rtu_set_silence	8	static
../Firmware_CNC/grbl/modbus_rtu.c:414:22:modbus_set_format	8	static
../Firmware_CNC/grbl/modbus_rtu.c:554:22:report_stats	144	static
../Firmware_CNC/grbl/modbus_rtu.c:115:13:retry_exception	8	static
../Firmware_CNC/grbl/modbus_rtu.c:469:13:onReportOptions	8	static
../Firmware_CNC/grbl/modbus_rtu.c:159:13:modbus_poll	40	static
../Firmware_CNC/grbl/modbus_rtu.c:124:30:add_message	16	static
../Firmware_CNC/grbl/modbus_rtu.c:271:13:modbus_send_rtu	48	static
../Firmware_CNC/grbl/modbus_rtu.c:569:6:modbus_rtu_init	48	static
