../Firmware_CNC/grbl/ngc_params.c:147:14:probe_result	0	static
../Firmware_CNC/grbl/ngc_params.c:160:14:m66_result	0	static
../Firmware_CNC/grbl/ngc_params.c:165:14:tool_number	0	static
../Firmware_CNC/grbl/ngc_params.c:170:14:tool_offset	0	static
../Firmware_CNC/grbl/ngc_params.c:207:14:coord_system	0	static
../Firmware_CNC/grbl/ngc_params.c:226:14:g92_offset_applied	0	static
../Firmware_CNC/grbl/ngc_params.c:231:14:g92_offset	0	static
../Firmware_CNC/grbl/ngc_params.c:243:14:debug_output	0	static
../Firmware_CNC/grbl/ngc_params.c:656:14:ngc_name_tolower	8	static
../Firmware_CNC/grbl/ngc_params.c:212:14:coord_system_offset	24	static
../Firmware_CNC/grbl/ngc_params.c:189:14:g30_home	24	static
../Firmware_CNC/grbl/ngc_params.c:177:14:g28_home	24	static
../Firmware_CNC/grbl/ngc_params.c:139:14:scaling_factors	8	static
../Firmware_CNC/grbl/ngc_params.c:126:14:probe_coord	40	static
../Firmware_CNC/grbl/ngc_params.c:119:14:_relative_pos	16	static
../Firmware_CNC/grbl/ngc_params.c:238:14:work_position	0	static
../Firmware_CNC/grbl/ngc_params.c:273:6:ngc_param_get	24	static
../Firmware_CNC/grbl/ngc_params.c:299:6:ngc_param_is_rw	0	static
../Firmware_CNC/grbl/ngc_params.c:304:6:ngc_param_exists	0	static
../Firmware_CNC/grbl/ngc_params.c:309:6:ngc_param_set	32	static
../Firmware_CNC/grbl/ngc_params.c:413:7:ngc_named_param_get_by_id	8	static
../Firmware_CNC/grbl/ngc_params.c:674:6:ngc_named_param_get	24	static
../Firmware_CNC/grbl/ngc_params.c:707:6:ngc_named_param_exists	16	static
../Firmware_CNC/grbl/ngc_params.c:714:8:ngc_named_param_set	40	static
../Firmware_CNC/grbl/ngc_params.c:1110:22:onMacroExecute	48	static
../Firmware_CNC/grbl/ngc_params.c:836:7:ngc_string_param_get	0	static
../Firmware_CNC/grbl/ngc_params.c:848:6:ngc_string_param_exists	8	static
../Firmware_CNC/grbl/ngc_params.c:868:6:ngc_string_param_delete	4	static
../Firmware_CNC/grbl/ngc_params.c:779:28:sp_set	32	static
../Firmware_CNC/grbl/ngc_params.c:853:6:ngc_string_param_set	8	static
../Firmware_CNC/grbl/ngc_params.c:858:17:ngc_string_param_set_name	16	static
../Firmware_CNC/grbl/ngc_params.c:888:6:ngc_modal_state_save	32	static
../Firmware_CNC/grbl/ngc_params.c:905:6:ngc_modal_state_invalidate	8	static
../Firmware_CNC/grbl/ngc_params.c:915:22:ngc_modal_state_get	0	static
../Firmware_CNC/grbl/ngc_params.c:921:6:ngc_modal_state_restore	0	static
../Firmware_CNC/grbl/ngc_params.c:926:6:ngc_call_push	8	static
../Firmware_CNC/grbl/ngc_params.c:936:6:ngc_call_pop	32	static
../Firmware_CNC/grbl/ngc_params.c:990:14:ngc_call_level	0	static
../Firmware_CNC/grbl/ngc_params.c:995:9:ngc_float_decimals	0	static
../Firmware_CNC/grbl/ngc_params.c:1145:6:ngc_params_init	0	static
