../Firmware_CNC/grbl/ngc_expr.c:353:22:read_operation	24	static
../Firmware_CNC/grbl/ngc_expr.c:935:15:get_format	8	static
../Firmware_CNC/grbl/ngc_expr.c:592:15:ngc_read_name	8	static
../Firmware_CNC/grbl/ngc_expr.c:842:15:ngc_read_integer_unsigned	0	static
../Firmware_CNC/grbl/ngc_expr.c:884:15:ngc_eval_expression	96	static
../Firmware_CNC/grbl/ngc_expr.c:796:15:ngc_read_real_value	32	static
../Firmware_CNC/grbl/ngc_expr.c:861:15:ngc_read_integer_value	32	static
../Firmware_CNC/grbl/ngc_expr.c:637:15:ngc_read_parameter	56	static
../Firmware_CNC/grbl/ngc_expr.c:994:7:ngc_substitute_parameters	48	static
../Firmware_CNC/grbl/ngc_expr.c:1075:7:ngc_process_comment	16	static
