../Firmware_CNC/grbl/ngc_flowctrl.c:244:13:clear_subs	24	static
../Firmware_CNC/grbl/ngc_flowctrl.c:222:19:add_sub	16	static
../Firmware_CNC/grbl/ngc_flowctrl.c:278:13:stack_pull	16	static
../Firmware_CNC/grbl/ngc_flowctrl.c:324:22:onGcodeComment	16	static
../Firmware_CNC/grbl/ngc_flowctrl.c:265:22:stack_push	24	static
../Firmware_CNC/grbl/ngc_flowctrl.c:294:13:stack_unwind_sub	24	static
../Firmware_CNC/grbl/ngc_flowctrl.c:317:6:ngc_flowctrl_unwind_stack	16	static
../Firmware_CNC/grbl/ngc_flowctrl.c:399:22:onNamedSubEOF	16	static
../Firmware_CNC/grbl/ngc_flowctrl.c:346:6:ngc_flowctrl_init	8	static
../Firmware_CNC/grbl/ngc_flowctrl.c:363:22:onNamedSubError	120	static
../Firmware_CNC/grbl/ngc_flowctrl.c:409:15:ngc_flowctrl	176	static
