../Firmware_CNC/grbl/planner.c:349:21:limit_acceleration_by_axis_maximum	0	static
../Firmware_CNC/grbl/planner.c:190:20:plan_cleanup	8	static
../Firmware_CNC/grbl/planner.c:116:13:planner_recalculate	32	static
../Firmware_CNC/grbl/planner.c:216:15:plan_get_buffer_size	0	static
../Firmware_CNC/grbl/planner.c:221:6:plan_reset	24	static
../Firmware_CNC/grbl/planner.c:265:6:plan_discard_current_block	8	static
../Firmware_CNC/grbl/planner.c:278:15:plan_get_system_motion_block	0	static
../Firmware_CNC/grbl/planner.c:285:15:plan_get_current_block	0	static
../Firmware_CNC/grbl/planner.c:292:15:plan_get_recent_block	0	static
../Firmware_CNC/grbl/planner.c:298:14:plan_get_exec_block_exit_speed_sqr	0	static
../Firmware_CNC/grbl/planner.c:306:6:plan_check_full_buffer	0	static
../Firmware_CNC/grbl/planner.c:314:7:plan_compute_profile_nominal_speed	16	static
../Firmware_CNC/grbl/planner.c:703:13:plan_update_velocity_profile_parameters	24	static
../Firmware_CNC/grbl/planner.c:405:6:plan_buffer_line	112	static
../Firmware_CNC/grbl/planner.c:658:8:plan_get_position	8	static
../Firmware_CNC/grbl/planner.c:674:6:plan_sync_position	0	static
../Firmware_CNC/grbl/planner.c:684:15:plan_get_block_buffer_available	0	static
../Firmware_CNC/grbl/planner.c:694:6:plan_cycle_reinitialize	8	static
../Firmware_CNC/grbl/planner.c:723:6:plan_sync_velocity	8	static
../Firmware_CNC/grbl/planner.c:736:6:plan_feed_override	24	static
../Firmware_CNC/grbl/planner.c:769:6:plan_data_init	8	static
