../Firmware_CNC/grbl/probe.c:119:22:probe_get_caps	8	static
../Firmware_CNC/grbl/probe.c:132:13:is_triggered	8	static
../Firmware_CNC/grbl/probe.c:146:22:get_state	16	static
../Firmware_CNC/grbl/probe.c:97:13:probe_select	16	static
../Firmware_CNC/grbl/probe.c:51:13:probe_connected_toggle	24	static
../Firmware_CNC/grbl/probe.c:68:13:probe_configure	24	static
../Firmware_CNC/grbl/probe.c:36:13:probe_irq_handler	8	static
../Firmware_CNC/grbl/probe.c:161:6:probe_add	32	static
../Firmware_CNC/grbl/probe.c:215:6:probe_connected_event	16	static
