../Firmware_CNC/grbl/settings.c:372:13:group_is_available	0	static
../Firmware_CNC/grbl/settings.c:608:22:set_pulse_width	0	static
../Firmware_CNC/grbl/settings.c:647:22:set_ganged_dir_invert	8	static
../Firmware_CNC/grbl/settings.c:657:22:set_stepper_energize_mask	8	static
../Firmware_CNC/grbl/settings.c:666:22:set_report_interval	0	static
../Firmware_CNC/grbl/settings.c:674:22:set_report_mask	0	static
../Firmware_CNC/grbl/settings.c:725:22:set_pwm_mode	0	static
../Firmware_CNC/grbl/settings.c:732:22:set_pwm_options	0	static
../Firmware_CNC/grbl/settings.c:753:13:get_spindle_ref_id	0	static
../Firmware_CNC/grbl/settings.c:827:13:tmp_set_soft_limits	12	static
../Firmware_CNC/grbl/settings.c:841:22:set_soft_limits_enable	8	static
../Firmware_CNC/grbl/settings.c:853:22:set_estop_unlock	0	static
../Firmware_CNC/grbl/settings.c:863:22:set_persistent_tool	0	static
../Firmware_CNC/grbl/settings.c:879:22:set_hard_limits_enable	8	static
../Firmware_CNC/grbl/settings.c:897:22:set_jog_soft_limited	0	static
../Firmware_CNC/grbl/settings.c:907:22:set_enable_legacy_rt_commands	0	static
../Firmware_CNC/grbl/settings.c:947:22:set_parking_enable	0	static
../Firmware_CNC/grbl/settings.c:959:22:set_restore_overrides	0	static
../Firmware_CNC/grbl/settings.c:985:22:set_homing_feedrates	0	static
../Firmware_CNC/grbl/settings.c:1010:22:set_homing_enable	16	static
../Firmware_CNC/grbl/settings.c:1049:22:set_sleep_enable	0	static
../Firmware_CNC/grbl/settings.c:1056:22:set_hold_actions	0	static
../Firmware_CNC/grbl/settings.c:1064:22:set_reset_actions	0	static
../Firmware_CNC/grbl/settings.c:1075:22:set_g92_disable_persistence	0	static
../Firmware_CNC/grbl/settings.c:1083:22:set_force_initialization_alarm	0	static
../Firmware_CNC/grbl/settings.c:1090:22:set_probe_flags	8	static
../Firmware_CNC/grbl/settings.c:1119:22:set_tool_change_probing_distance	0	static
../Firmware_CNC/grbl/settings.c:1129:22:set_toolchange_flags	8	static
../Firmware_CNC/grbl/settings.c:1270:22:set_float	0	static
../Firmware_CNC/grbl/settings.c:2565:28:settings_get_tool_data	0	static
../Firmware_CNC/grbl/settings.c:2763:20:is_available	8	static
../Firmware_CNC/grbl/settings.c:1698:23:get_decimal_places	16	static
../Firmware_CNC/grbl/settings.c:778:22:set_encoder_spindle	16	static
../Firmware_CNC/grbl/settings.c:697:22:set_ngc_debug_out	8	static
../Firmware_CNC/grbl/settings.c:686:22:set_report_inches	8	static
../Firmware_CNC/grbl/settings.c:763:22:set_default_spindle	16	static
../Firmware_CNC/grbl/settings.c:1104:22:set_tool_change_mode	8	static
../Firmware_CNC/grbl/settings.c:968:22:set_homing_cycle	8	static
../Firmware_CNC/grbl/settings.c:916:22:set_mode	8	static
../Firmware_CNC/grbl/settings.c:789:22:set_spindle_invert	8	static
../Firmware_CNC/grbl/settings.c:2592:13:sanity_check	8	static
../Firmware_CNC/grbl/settings.c:976:22:set_homing_pulloff	24	static
../Firmware_CNC/grbl/settings.c:809:22:set_probe_disable_pullup	8	static
../Firmware_CNC/grbl/settings.c:800:22:set_control_disable_pullup	8	static
../Firmware_CNC/grbl/settings.c:627:22:set_probe_invert	16	static
../Firmware_CNC/grbl/settings.c:1875:13:is_setting_available	8	static
../Firmware_CNC/grbl/settings.c:1485:17:get_int	16	static
../Firmware_CNC/grbl/settings.c:2582:13:settings_clear_tool_data	8	static
../Firmware_CNC/grbl/settings.c:2971:22:validate_value	24	static
../Firmware_CNC/grbl/settings.c:3236:13:settings_changed_spindle	16	static
../Firmware_CNC/grbl/settings.c:3390:6:onFileDemarcate	16	static
../Firmware_CNC/grbl/settings.c:1248:28:normalize_id	0	static
../Firmware_CNC/grbl/settings.c:2666:6:settings_write_global	4	static
../Firmware_CNC/grbl/settings.c:708:22:set_control_invert	16	static
../Firmware_CNC/grbl/settings.c:3028:17:strnumentries.constprop	8	static
../Firmware_CNC/grbl/settings.c:2559:13:settings_set_tool_data	0	static
../Firmware_CNC/grbl/settings.c:518:6:settings_override_acceleration	16	static
../Firmware_CNC/grbl/settings.c:1262:14:settings_get_axis_base	16	static
../Firmware_CNC/grbl/settings.c:1299:22:set_axis_setting	32	static
../Firmware_CNC/grbl/settings.c:1387:14:get_float	16	static
../Firmware_CNC/grbl/settings.c:1705:7:setting_get_value	16	static
../Firmware_CNC/grbl/settings.c:1787:10:setting_get_int_value	0	static
../Firmware_CNC/grbl/settings.c:1843:7:setting_get_float_value	0	static
../Firmware_CNC/grbl/settings.c:2418:6:settings_register	0	static
../Firmware_CNC/grbl/settings.c:2424:20:settings_get_details	0	static
../Firmware_CNC/grbl/settings.c:2432:6:settings_write_build_info	4	static
../Firmware_CNC/grbl/settings.c:2449:6:settings_write_startup_line	16	static
../Firmware_CNC/grbl/settings.c:2462:6:settings_read_startup_line	16	static
../Firmware_CNC/grbl/settings.c:2476:6:settings_write_coord_data	16	static
../Firmware_CNC/grbl/settings.c:2492:6:settings_read_coord_data	16	static
../Firmware_CNC/grbl/settings.c:2656:6:read_global_settings	16	static
../Firmware_CNC/grbl/settings.c:2692:6:settings_restore	120	static
../Firmware_CNC/grbl/settings.c:2439:6:settings_read_build_info	8	static
../Firmware_CNC/grbl/settings.c:2823:17:settings_normalize_group	0	static
../Firmware_CNC/grbl/settings.c:2886:25:setting_get_details	40	static
../Firmware_CNC/grbl/settings.c:2828:6:settings_iterator	40	static
../Firmware_CNC/grbl/settings.c:2917:13:setting_get_description	16	static
../Firmware_CNC/grbl/settings.c:2946:31:setting_get_group_details	20	static
../Firmware_CNC/grbl/settings.c:2768:6:settings_is_group_available	24	static
../Firmware_CNC/grbl/settings.c:1870:13:is_group_available	0	static
../Firmware_CNC/grbl/settings.c:3044:20:setting_datatype_to_external	0	static
../Firmware_CNC/grbl/settings.c:3060:6:setting_is_list	0	static
../Firmware_CNC/grbl/settings.c:3065:6:setting_is_integer	0	static
../Firmware_CNC/grbl/settings.c:3103:6:setting_remove_elements	24	static
../Firmware_CNC/grbl/settings.c:3182:15:setting_validate_me	40	static
../Firmware_CNC/grbl/settings.c:3228:15:setting_validate	16	static
../Firmware_CNC/grbl/settings.c:3253:15:settings_store_setting	40	static
../Firmware_CNC/grbl/settings.c:3377:6:settings_add_spindle_type	16	static
../Firmware_CNC/grbl/settings.c:3408:6:settings_clear	0	static
../Firmware_CNC/grbl/settings.c:3415:6:settings_init	48	static
