../Firmware_CNC/grbl/spindle_control.c:452:13:null_set_state	0	static
../Firmware_CNC/grbl/spindle_control.c:459:24:null_get_state	0	static
../Firmware_CNC/grbl/spindle_control.c:467:13:null_update_pwm	0	static
../Firmware_CNC/grbl/spindle_control.c:473:22:null_get_pwm	0	static
../Firmware_CNC/grbl/spindle_control.c:481:13:null_update_rpm	0	static
../Firmware_CNC/grbl/spindle_control.c:848:22:compute_dummy_pwm_value	0	static
../Firmware_CNC/grbl/spindle_control.c:853:13:set_laser_overdrive	0	static
../Firmware_CNC/grbl/spindle_control.c:59:13:spindle_init	16	static
../Firmware_CNC/grbl/spindle_control.c:72:13:spindle_activate.constprop	96	static
../Firmware_CNC/grbl/spindle_control.c:800:22:spindle_compute_pwm_value	16	static
../Firmware_CNC/grbl/spindle_control.c:142:14:spindle_register	32	static
../Firmware_CNC/grbl/spindle_control.c:177:15:spindle_enable	8	static
../Firmware_CNC/grbl/spindle_control.c:215:17:spindle_get_hal	8	static
../Firmware_CNC/grbl/spindle_control.c:238:14:spindle_get_default	0	static
../Firmware_CNC/grbl/spindle_control.c:247:15:spindle_get_caps	8	static
../Firmware_CNC/grbl/spindle_control.c:264:13:spindle_get_name	0	static
../Firmware_CNC/grbl/spindle_control.c:274:6:spindle_update_caps	12	static
../Firmware_CNC/grbl/spindle_control.c:306:6:spindle_get_id	0	static
../Firmware_CNC/grbl/spindle_control.c:373:6:spindle_set_at_speed_range	0	static
../Firmware_CNC/grbl/spindle_control.c:427:6:spindle_is_enabled	0	static
../Firmware_CNC/grbl/spindle_control.c:441:17:spindle_get	0	static
../Firmware_CNC/grbl/spindle_control.c:498:14:spindle_add_null	0	static
../Firmware_CNC/grbl/spindle_control.c:194:6:spindle_select	8	static
../Firmware_CNC/grbl/spindle_control.c:298:9:spindle_get_count	8	static
../Firmware_CNC/grbl/spindle_control.c:323:22:spindle_get_num	8	static
../Firmware_CNC/grbl/spindle_control.c:344:6:spindle_bind_encoder	32	static
../Firmware_CNC/grbl/spindle_control.c:391:6:spindle_enumerate_spindles	56	static
../Firmware_CNC/grbl/spindle_control.c:583:6:spindle_check_state	8	static
../Firmware_CNC/grbl/spindle_control.c:725:7:spindle_set_rpm	0	static
../Firmware_CNC/grbl/spindle_control.c:537:7:spindle_set_override	16	static
../Firmware_CNC/grbl/spindle_control.c:568:6:spindle_override_disable	16	static
../Firmware_CNC/grbl/spindle_control.c:601:6:spindle_set_state	24	static
../Firmware_CNC/grbl/spindle_control.c:636:13:spindle_set_state_wait	32	static
../Firmware_CNC/grbl/spindle_control.c:686:6:spindle_set_state_synced	24	static
../Firmware_CNC/grbl/spindle_control.c:707:6:spindle_restore	24	static
../Firmware_CNC/grbl/spindle_control.c:740:6:spindle_all_off	8	static
../Firmware_CNC/grbl/spindle_control.c:763:6:spindle_is_on	8	static
../Firmware_CNC/grbl/spindle_control.c:864:6:spindle_precompute_pwm_values	16	static
