../Firmware_CNC/grbl/state_machine.c:403:13:state_noop	0	static
../Firmware_CNC/grbl/state_machine.c:77:13:state_spindle_restore	16	static
../Firmware_CNC/grbl/state_machine.c:120:13:initiate_hold	24	static
../Firmware_CNC/grbl/state_machine.c:111:13:enter_sleep	8	static
../Firmware_CNC/grbl/state_machine.c:714:13:state_await_restart_retract	8	static
../Firmware_CNC/grbl/state_machine.c:751:13:state_await_waypoint_retract	40	static
../Firmware_CNC/grbl/state_machine.c:731:13:restart_retract	8	static
../Firmware_CNC/grbl/state_machine.c:792:13:state_restore	40	static
../Firmware_CNC/grbl/state_machine.c:184:6:state_door_reopened	0	static
../Firmware_CNC/grbl/state_machine.c:197:22:state_get	0	static
../Firmware_CNC/grbl/state_machine.c:202:9:state_get_substate	8	static
../Firmware_CNC/grbl/state_machine.c:232:6:state_set	48	static
../Firmware_CNC/grbl/state_machine.c:410:13:state_idle	8	static
../Firmware_CNC/grbl/state_machine.c:189:6:state_update	8	static
../Firmware_CNC/grbl/state_machine.c:609:13:state_await_resume	48	static
../Firmware_CNC/grbl/state_machine.c:847:13:state_await_resumed	8	static
../Firmware_CNC/grbl/state_machine.c:453:13:state_await_toolchanged	16	static
../Firmware_CNC/grbl/state_machine.c:429:13:state_cycle	8	static
../Firmware_CNC/grbl/state_machine.c:476:13:state_await_motion_cancel	16	static
../Firmware_CNC/grbl/state_machine.c:499:13:state_await_hold.part.0	24	static
../Firmware_CNC/grbl/state_machine.c:499:13:state_await_hold	0	static
../Firmware_CNC/grbl/state_machine.c:363:6:state_suspend_manager	24	static
