../Firmware_CNC/grbl/stepper2.c:106:13:st2_reset	0	static
../Firmware_CNC/grbl/stepper2.c:564:22:motor_irq	24	static
../Firmware_CNC/grbl/stepper2.c:94:13:st_motor_config	8	static
../Firmware_CNC/grbl/stepper2.c:122:13:st2_settings_changed	8	static
../Firmware_CNC/grbl/stepper2.c:214:6:st2_motor_register_stopped_callback	0	static
../Firmware_CNC/grbl/stepper2.c:225:6:st2_motor_bind_spindle	0	static
../Firmware_CNC/grbl/stepper2.c:257:14:st2_motor_init	64	static
../Firmware_CNC/grbl/stepper2.c:309:7:st2_get_speed	8	static
../Firmware_CNC/grbl/stepper2.c:463:9:st2_get_position	0	static
../Firmware_CNC/grbl/stepper2.c:475:6:st2_set_position	12	static
../Firmware_CNC/grbl/stepper2.c:579:6:st2_motor_run	40	static
../Firmware_CNC/grbl/stepper2.c:601:6:st2_motor_stop	0	static
../Firmware_CNC/grbl/stepper2.c:322:7:st2_motor_set_speed	16	static
../Firmware_CNC/grbl/stepper2.c:389:6:st2_motor_move	24	static
../Firmware_CNC/grbl/stepper2.c:630:6:st2_motor_poll	0	static
../Firmware_CNC/grbl/stepper2.c:639:6:st2_motor_running	0	static
../Firmware_CNC/grbl/stepper2.c:648:6:st2_motor_cruising	0	static
