../Firmware_CNC/grbl/stream_passthru.c:40:22:forward_usb_rx	8	static
../Firmware_CNC/grbl/stream_passthru.c:47:22:sink_uart_rx	0	static
../Firmware_CNC/grbl/stream_passthru.c:120:13:get_ports	0	static
../Firmware_CNC/grbl/stream_passthru.c:73:13:onLinestateChanged	16	static
../Firmware_CNC/grbl/stream_passthru.c:109:13:passthru_start1	8	static
../Firmware_CNC/grbl/stream_passthru.c:98:13:passthru_start2	8	static
../Firmware_CNC/grbl/stream_passthru.c:52:13:forward_uart_rx	16	static
../Firmware_CNC/grbl/stream_passthru.c:33:28:stream_passthru_enter	0	static
../Firmware_CNC/grbl/stream_passthru.c:139:22:passthru_enter	8	static
../Firmware_CNC/grbl/stream_passthru.c:149:6:stream_passthru_init	32	static
