../Firmware_CNC/grbl/stream.c:123:9:stream_get_null	0	static
../Firmware_CNC/grbl/stream.c:212:6:stream_connected	0	static
../Firmware_CNC/grbl/stream.c:217:13:is_not_connected	0	static
../Firmware_CNC/grbl/stream.c:245:13:stream_write_all	16	static
../Firmware_CNC/grbl/stream.c:455:13:_open_instance	8	static
../Firmware_CNC/grbl/stream.c:676:17:null_rx_free	0	static
../Firmware_CNC/grbl/stream.c:681:17:null_count	0	static
../Firmware_CNC/grbl/stream.c:686:13:null_put_c	0	static
../Firmware_CNC/grbl/stream.c:691:13:null_write_string	0	static
../Firmware_CNC/grbl/stream.c:695:13:null_write	0	static
../Firmware_CNC/grbl/stream.c:699:13:null_suspend_disable	0	static
../Firmware_CNC/grbl/stream.c:704:13:null_set_baudrate	0	static
../Firmware_CNC/grbl/stream.c:709:13:null_enqueue_rt_command	0	static
../Firmware_CNC/grbl/stream.c:714:37:null_set_rt_handler	0	static
../Firmware_CNC/grbl/stream.c:724:20:stream_null_init	0	static
../Firmware_CNC/grbl/stream.c:150:22:await_toolchange_ack	24	static
../Firmware_CNC/grbl/stream.c:609:13:report_mpg_mode	0	static
../Firmware_CNC/grbl/stream.c:256:29:add_connection	16	static
../Firmware_CNC/grbl/stream.c:222:13:connection_is_up	4	static
../Firmware_CNC/grbl/stream.c:84:6:stream_register_streams	0	static
../Firmware_CNC/grbl/stream.c:92:6:stream_enumerate_streams	24	static
../Firmware_CNC/grbl/stream.c:113:6:stream_tx_blocking	8	static
../Firmware_CNC/grbl/stream.c:128:27:stream_get_uart_status	24	static
../Firmware_CNC/grbl/stream.c:167:24:stream_is_rx_suspended	0	static
../Firmware_CNC/grbl/stream.c:172:6:stream_rx_suspend	16	static
../Firmware_CNC/grbl/stream.c:195:15:stream_buffer_all	0	static
../Firmware_CNC/grbl/stream.c:200:15:stream_enqueue_realtime_command	8	static
../Firmware_CNC/grbl/stream.c:403:20:stream_get_base	0	static
../Firmware_CNC/grbl/stream.c:408:19:stream_get_flags	20	static
../Firmware_CNC/grbl/stream.c:427:6:stream_set_description	16	static
../Firmware_CNC/grbl/stream.c:483:20:stream_open_instance	32	static
../Firmware_CNC/grbl/stream.c:499:6:stream_close	24	static
../Firmware_CNC/grbl/stream.c:523:6:stream_set_defaults	16	static
../Firmware_CNC/grbl/stream.c:549:15:stream_mpg_check_enable	8	static
../Firmware_CNC/grbl/stream.c:562:6:stream_mpg_register	24	static
../Firmware_CNC/grbl/stream.c:614:6:stream_mpg_enable	24	static
../Firmware_CNC/grbl/stream.c:284:13:stream_select	32	static
../Firmware_CNC/grbl/stream.c:439:6:stream_connect	16	static
../Firmware_CNC/grbl/stream.c:467:6:stream_connect_instance	24	static
../Firmware_CNC/grbl/stream.c:477:6:stream_disconnect	0	static
../Firmware_CNC/grbl/stream.c:544:6:stream_mpg_set_mode	0	static
../Firmware_CNC/grbl/stream.c:858:6:debug_printf	120	static
