../Firmware_CNC/grbl/tool_change.c:86:13:change_completed	16	static
../Firmware_CNC/grbl/tool_change.c:226:13:execute_warning	0	static
../Firmware_CNC/grbl/tool_change.c:417:22:on_toolchange_ack	8	static
../Firmware_CNC/grbl/tool_change.c:120:13:reset	16	static
../Firmware_CNC/grbl/tool_change.c:426:13:onToolSelect	16	static
../Firmware_CNC/grbl/tool_change.c:56:13:onHomingComplete	8	static
../Firmware_CNC/grbl/tool_change.c:391:22:trap_stream_cycle_start	16	static
../Firmware_CNC/grbl/tool_change.c:369:22:trap_control_cycle_start	16	static
../Firmware_CNC/grbl/tool_change.c:182:13:go_linear_home	16	static
../Firmware_CNC/grbl/tool_change.c:197:13:go_toolsetter	32	static
../Firmware_CNC/grbl/tool_change.c:233:13:execute_return_from_g30	48	static
../Firmware_CNC/grbl/tool_change.c:140:13:restore	72	static
../Firmware_CNC/grbl/tool_change.c:438:22:tool_change	88	static
../Firmware_CNC/grbl/tool_change.c:65:13:onWcoSaved	8	static
../Firmware_CNC/grbl/tool_change.c:76:13:onProbeCompleted	0	static
../Firmware_CNC/grbl/tool_change.c:265:13:execute_restore	8	static
../Firmware_CNC/grbl/tool_change.c:281:13:set_probe_target.constprop	8	static
../Firmware_CNC/grbl/tool_change.c:291:13:execute_probe	88	static
../Firmware_CNC/grbl/tool_change.c:558:6:tc_init	8	static
../Firmware_CNC/grbl/tool_change.c:599:15:tc_probe_workpiece	64	static
