../Drivers/CMSIS/Include/cmsis_gcc.h:196:27:__enable_irq	0	static,ignoring_inline_asm
../Drivers/CMSIS/Include/cmsis_gcc.h:207:27:__disable_irq	0	static,ignoring_inline_asm
../Drivers/CMSIS/Include/core_cm4.h:1933:34:__NVIC_SystemReset	0	static,ignoring_inline_asm
C:/Users/Axyst2k4/STM32CubeIDE/BSR/CNC_Project/Firmware_CNC/grbl/crossbar.h:809:20:xbar_is_probe_in	0	static
C:/Users/Axyst2k4/STM32CubeIDE/BSR/CNC_Project/Firmware_CNC/grbl/pin_bits_masks.h:308:13:__find_in_port	0	static
../Core/Src/Src_F4/driver.c:679:13:stepperEnable	0	static
../Core/Src/Src_F4/driver.c:723:13:stepperWakeUp	8	static
../Core/Src/Src_F4/driver.c:735:22:stepperCyclesPerTick	0	static
../Core/Src/Src_F4/driver.c:1470:31:limitsGetState	8	static
../Core/Src/Src_F4/driver.c:1638:26:systemGetState	0	static
../Core/Src/Src_F4/driver.c:1676:13:probeGetState	0	static
../Core/Src/Src_F4/driver.c:1698:13:aux_irq_handler	16	static
../Core/Src/Src_F4/driver.c:1962:13:coolantSetState	0	static
../Core/Src/Src_F4/driver.c:1974:24:coolantGetState	0	static
../Core/Src/Src_F4/driver.c:2019:13:bitsSetAtomic	0	static,ignoring_inline_asm
../Core/Src/Src_F4/driver.c:2026:22:bitsClearAtomic	0	static,ignoring_inline_asm
../Core/Src/Src_F4/driver.c:2036:22:valueSetAtomic	0	static,ignoring_inline_asm
../Core/Src/Src_F4/driver.c:2046:17:getElapsedMicros	16	static,ignoring_inline_asm
../Core/Src/Src_F4/driver.c:2063:17:getElapsedTicks	0	static
../Core/Src/Src_F4/driver.c:2412:14:port2char	0	static
../Core/Src/Src_F4/driver.c:2490:6:setPeriphPinDescription	8	static
../Core/Src/Src_F4/driver.c:2470:6:registerPeriphPin	16	static
C:/Users/Axyst2k4/STM32CubeIDE/BSR/CNC_Project/Firmware_CNC/grbl/pin_bits_masks.h:296:13:__claim_in_port	24	static
C:/Users/Axyst2k4/STM32CubeIDE/BSR/CNC_Project/Firmware_CNC/grbl/pin_bits_masks.h:488:13:___claim_out_port_explicit	8	static
../Core/Src/Src_F4/driver.c:2421:13:enumeratePins	32	static
../Core/Src/Src_F4/driver.c:2889:17:get_free_mem	48	static
C:/Users/Axyst2k4/STM32CubeIDE/BSR/CNC_Project/Firmware_CNC/grbl/pin_bits_masks.h:477:13:__claim_out_port	16	static
../Core/Src/Src_F4/driver.c:3465:6:core_pin_debounce	24	static
../Core/Src/Src_F4/driver.c:3504:6:aux_pin_debounce	8	static
../Core/Src/Src_F4/driver.c:3520:20:aux_pin_irq	8	static
C:/Users/Axyst2k4/STM32CubeIDE/BSR/CNC_Project/Firmware_CNC/grbl/motor_pins.h:1486:13:motor_iterator	16	static
../Core/Src/Src_F4/driver.c:1200:13:stepperGoIdle	0	static
../Core/Src/Src_F4/driver.c:664:13:driver_delay	16	static
../Core/Src/Src_F4/driver.c:2087:6:settings_changed	72	static
../Core/Src/Src_F4/driver.c:2676:13:driver_setup	96	static,ignoring_inline_asm
../Core/Src/Src_F4/driver.c:1225:22:stepperPulseStart	8	static
../Core/Src/Src_F4/driver.c:1238:22:stepperPulseStartDelayed	16	static
../Core/Src/Src_F4/driver.c:2068:6:gpio_irq_enable	0	static
../Core/Src/Src_F4/driver.c:1443:13:limitsEnable	40	static
../Core/Src/Src_F4/driver.c:3373:19:get_motor_fault_inputs	0	static
../Core/Src/Src_F4/driver.c:3381:15:TIM1_IRQHandler	8	static
../Core/Src/Src_F4/driver.c:3584:15:EXTI2_IRQHandler	0	static
../Core/Src/Src_F4/driver.c:3607:15:EXTI3_IRQHandler	0	static
../Core/Src/Src_F4/driver.c:3653:15:EXTI9_5_IRQHandler	16	static
../Core/Src/Src_F4/driver.c:3722:6:Driver_IncTick	16	static
../Core/Src/Src_F4/driver.c:3763:29:aux_ctrl_get_fn	8	static
../Core/Src/Src_F4/driver.c:2969:6:driver_init	144	static
