../Core/Src/Src_F4/serial.c:100:13:uart_release	0	static
../Core/Src/Src_F4/serial.c:109:34:get_uart_status	0	static
../Core/Src/Src_F4/serial.c:116:17:serialRxFree	0	static
../Core/Src/Src_F4/serial.c:122:17:serialRxCount	0	static
../Core/Src/Src_F4/serial.c:128:13:serialRxFlush	0	static
../Core/Src/Src_F4/serial.c:133:13:serialRxCancel	0	static
../Core/Src/Src_F4/serial.c:140:13:serialPutC	24	static
../Core/Src/Src_F4/serial.c:153:13:serialWriteS	8	static
../Core/Src/Src_F4/serial.c:160:13:serialWrite	16	static
../Core/Src/Src_F4/serial.c:167:13:serialTxFlush	0	static
../Core/Src/Src_F4/serial.c:173:17:serialTxCount	0	static
../Core/Src/Src_F4/serial.c:179:16:serialGetC	0	static
../Core/Src/Src_F4/serial.c:210:13:serialSetFormat	0	static
../Core/Src/Src_F4/serial.c:228:13:serialEnqueueRtCommand	0	static
../Core/Src/Src_F4/serial.c:233:37:serialSetRtHandler	0	static
../Core/Src/Src_F4/serial.c:241:27:serialInit	56	static
../Core/Src/Src_F4/serial.c:193:13:serialSetBaudRate	16	static
../Core/Src/Src_F4/serial.c:189:13:serialSuspendInput	0	static
../Core/Src/Src_F4/serial.c:219:13:serialDisable	0	static
../Core/Src/Src_F4/serial.c:90:6:serialRegisterStreams	0	static
../Core/Src/Src_F4/serial.c:295:6:USART1_IRQHandler	8	static
